  engineering_conpute(0928).cpp
C:\Users\user\Hello_c_world\repos\Programming2026Class-ACH\engineering_compute\engineering_compute\engineering_conpute(0928).cpp(1,1): warning C4819: 현재 코드 페이지(949)에서 표시할 수 없는 문자가 파일에 들어 있습니다. 데이터가 손실되지 않게 하려면 해당 파일을 유니코드 형식으로 저장하십시오.
C:\Users\user\Hello_c_world\repos\Programming2026Class-ACH\engineering_compute\engineering_compute\engineering_conpute(0928).cpp(9,13): error C2065: 'stdio': 선언되지 않은 식별자입니다.
C:\Users\user\Hello_c_world\repos\Programming2026Class-ACH\engineering_compute\engineering_compute\engineering_conpute(0928).cpp(9,1): error C7568: 가정한 함수 템플릿 '癤include' 뒤에 인수 목록이 없습니다.
C:\Users\user\Hello_c_world\repos\Programming2026Class-ACH\engineering_compute\engineering_compute\engineering_conpute(0928).cpp(11,1): error C2628: '' 다음에 'int'이(가) 올 수 없습니다. ';'이 있어야 합니다.
C:\Users\user\Hello_c_world\repos\Programming2026Class-ACH\engineering_compute\engineering_compute\engineering_conpute(0928).cpp(11,5): warning C4326: 'main'의 반환 형식이 'int'이어야 하는데 '<오류>'입니다.
C:\Users\user\Hello_c_world\repos\Programming2026Class-ACH\engineering_compute\engineering_compute\engineering_conpute(0928).cpp(17,2): error C3861: 'printf': 식별자를 찾을 수 없습니다.
C:\Users\user\Hello_c_world\repos\Programming2026Class-ACH\engineering_compute\engineering_compute\engineering_conpute(0928).cpp(18,2): error C3861: 'scanf_s': 식별자를 찾을 수 없습니다.
C:\Users\user\Hello_c_world\repos\Programming2026Class-ACH\engineering_compute\engineering_compute\engineering_conpute(0928).cpp(19,2): error C3861: 'printf': 식별자를 찾을 수 없습니다.
C:\Users\user\Hello_c_world\repos\Programming2026Class-ACH\engineering_compute\engineering_compute\engineering_conpute(0928).cpp(20,2): error C3861: 'scanf_s': 식별자를 찾을 수 없습니다.
C:\Users\user\Hello_c_world\repos\Programming2026Class-ACH\engineering_compute\engineering_compute\engineering_conpute(0928).cpp(23,19): warning C4244: '=': 'double'에서 'int'(으)로 변환하면서 데이터가 손실될 수 있습니다.
C:\Users\user\Hello_c_world\repos\Programming2026Class-ACH\engineering_compute\engineering_compute\engineering_conpute(0928).cpp(24,2): error C3861: 'printf': 식별자를 찾을 수 없습니다.
C:\Users\user\Hello_c_world\repos\Programming2026Class-ACH\engineering_compute\engineering_compute\engineering_conpute(0928).cpp(25,2): error C3861: 'printf': 식별자를 찾을 수 없습니다.
C:\Users\user\Hello_c_world\repos\Programming2026Class-ACH\engineering_compute\engineering_compute\engineering_conpute(0928).cpp(26,2): error C3861: 'printf': 식별자를 찾을 수 없습니다.
C:\Users\user\Hello_c_world\repos\Programming2026Class-ACH\engineering_compute\engineering_compute\engineering_conpute(0928).cpp(30,2): error C3861: 'printf': 식별자를 찾을 수 없습니다.
C:\Users\user\Hello_c_world\repos\Programming2026Class-ACH\engineering_compute\engineering_compute\engineering_conpute(0928).cpp(31,2): error C3861: 'scanf_s': 식별자를 찾을 수 없습니다.
C:\Users\user\Hello_c_world\repos\Programming2026Class-ACH\engineering_compute\engineering_compute\engineering_conpute(0928).cpp(34,2): error C3861: 'printf': 식별자를 찾을 수 없습니다.
C:\Users\user\Hello_c_world\repos\Programming2026Class-ACH\engineering_compute\engineering_compute\engineering_conpute(0928).cpp(35,2): error C3861: 'printf': 식별자를 찾을 수 없습니다.
C:\Users\user\Hello_c_world\repos\Programming2026Class-ACH\engineering_compute\engineering_compute\engineering_conpute(0928).cpp(36,2): error C3861: 'printf': 식별자를 찾을 수 없습니다.
C:\Users\user\Hello_c_world\repos\Programming2026Class-ACH\engineering_compute\engineering_compute\engineering_conpute(0928).cpp(37,2): error C3861: 'printf': 식별자를 찾을 수 없습니다.
C:\Users\user\Hello_c_world\repos\Programming2026Class-ACH\engineering_compute\engineering_compute\engineering_conpute(0928).cpp(38,2): error C3861: 'printf': 식별자를 찾을 수 없습니다.
C:\Users\user\Hello_c_world\repos\Programming2026Class-ACH\engineering_compute\engineering_compute\engineering_conpute(0928).cpp(39,2): error C3861: 'printf': 식별자를 찾을 수 없습니다.
